Microchip MPLAB XC8 Compiler V2.46

Linker command line:

-W-3 \
  --edf=C:\Program Files\Microchip\xc8\v2.46\pic\dat\20240104201356_en.msgs \
  -cn -h+dist/default/production\Plant_supervisor.X.production.sym \
  --cmf=dist/default/production\Plant_supervisor.X.production.cmf -z \
  -Q16F877A -oC:\Users\aathi\AppData\Local\Temp\xcAs1fs.\driver_tmp_3.o \
  --defsym=__MPLAB_BUILD=1 --fixupoverflow=error \
  -Mdist/default/production/Plant_supervisor.X.production.map \
  --md=C:\Users\aathi\AppData\Local\Temp\xcAs1fs.\driver_tmp_0.dat -E1 \
  -ver=XC8 Compiler --acfsm=1493 -ACODE=00h-07FFhx4 -ASTRCODE=00h-01FFFh \
  -ASTRING=00h-0FFhx32 -ACONST=00h-0FFhx32 -AENTRY=00h-0FFhx32 \
  -ACOMMON=070h-07Fh -ABANK0=020h-06Fh -ABANK1=0A0h-0EFh \
  -ABANK2=0110h-016Fh -ABANK3=0190h-01EFh \
  -ARAM=020h-06Fh,0A0h-0EFh,0110h-016Fh,0190h-01EFh \
  -AABS1=020h-07Fh,0A0h-0EFh,0110h-016Fh,0190h-01EFh -ASFR0=00h-01Fh \
  -ASFR1=080h-09Fh -ASFR2=0100h-010Fh -ASFR3=0180h-018Fh \
  -ACONFIG=02007h-02007h -DCONFIG=2 -AIDLOC=02000h-02003h -DIDLOC=2 \
  -AEEDATA=00h-0FFh/02100h -peeprom_data=EEDATA -DEEDATA=2 -DCODE=2 \
  -DSTRCODE=2 -DSTRING=2 -DCONST=2 -DENTRY=2 \
  -preset_vec=00h,intentry,sivt,init,end_init -ppowerup=CODE -pcinit=CODE \
  -pfunctab=ENTRY -k \
  C:\Users\aathi\AppData\Local\Temp\xcAs1fs.\driver_tmp_17.o \
  dist/default/production\Plant_supervisor.X.production.o 

Object code version is 3.11

Machine type is 16F877A



                Name                               Link     Load   Length Selector   Space Scale
C:\Users\aathi\AppData\Local\Temp\xcAs1fs.\driver_tmp_17.o
                end_init                              0        0        3        0       0
                config                             2007     2007        1        0       4
dist/default/production\Plant_supervisor.X.production.o
                cinit                               7E6      7E6       1A      FCC       0
                text6_split_1                        E1       E1      705      1C2       0
                config                             2007     2007        1        0       4
                text35                             1CD6     1CD6       11     39AC       0
                text34                             1EFB     1EFB       55     3DF6       0
                text33                             1000     1000        4     1976       0
                text32                             1D52     1D52       22     3AA4       0
                text31                             1CFC     1CFC       1A     39F8       0
                text30                              803      803        D     1006       0
                text29                              810      810       5E     1020       0
                text28                             10AF     10AF       8D     215E       0
                text27                             1004     1004       35     2008       0
                text26                             1E6B     1E6B       42     3CD6       0
                text25                               29       29       B8       52       0
                text24                              86E      86E      1CF     10DC       0
                text23                             1EAD     1EAD       4E     3D5A       0
                text22                             11C9     11C9       A4     2392       0
                text21                             1DE0     1DE0       27     3BC0       0
                text20                              CBB      CBB      345     1976       0
                text19                             1CCB     1CCB        B     3996       0
                text18                             159C     159C      264     2B38       0
                text17                             1D97     1D97       24     3B2E       0
                text16                             1039     1039       76     2072       0
                text15                             113C     113C       8D     2278       0
                text14                             1376     1376      10F     26EC       0
                text13                             1CE7     1CE7       15     39CE       0
                text12                                3        3       26        0       0
                text11                              802      802        1     1004       0
                text10                             1F50     1F50       56     3EA0       0
                text9                              1E07     1E07       2A     3C0E       0
                text8                              1E31     1E31       3A     3C62       0
                text7                              1D16     1D16       1B     3A2C       0
                text6                              126D     126D      109     24DA       0
                text5                              1DBB     1DBB       25     3B76       0
                text4                              1FA6     1FA6       5A     3F4C       0
                text3                              1485     1485      117     290A       0
                text2                              1D31     1D31       21     3A62       0
                text1                              1D74     1D74       23     3AE8       0
                maintext                            A3D      A3D      27E     147A       0
                cstackBANK0                          20       20       50       20       1
                cstackCOMMON                         70       70        E       70       1
                cstackBANK1                          A0       A0       4D       A0       1
                cstackBANK3                         1D0      1D0        D      190       1
                clrtext                            1CC3     1CC3        8     3986       0
                bssBANK2                            110      110       50      110       1
                bssBANK3                            190      190       40      190       1
                bssBANK1                             ED       ED        3       A0       1
                strings                            1800     1800       48     3000       0

TOTAL           Name                               Link     Load   Length     Space
        CLASS   CODE           
                end_init                              0        0        3         0
                cinit                               7E6      7E6       1A         0
                text6_split_1                        E1       E1      705         0
                text35                             1CD6     1CD6       11         0
                text34                             1EFB     1EFB       55         0
                text33                             1000     1000        4         0
                text32                             1D52     1D52       22         0
                text31                             1CFC     1CFC       1A         0
                text30                              803      803        D         0
                text29                              810      810       5E         0
                text28                             10AF     10AF       8D         0
                text27                             1004     1004       35         0
                text26                             1E6B     1E6B       42         0
                text25                               29       29       B8         0
                text24                              86E      86E      1CF         0
                text23                             1EAD     1EAD       4E         0
                text22                             11C9     11C9       A4         0
                text21                             1DE0     1DE0       27         0
                text20                              CBB      CBB      345         0
                text19                             1CCB     1CCB        B         0
                text18                             159C     159C      264         0
                text17                             1D97     1D97       24         0
                text16                             1039     1039       76         0
                text15                             113C     113C       8D         0
                text14                             1376     1376      10F         0
                text13                             1CE7     1CE7       15         0
                text12                                3        3       26         0
                text11                              802      802        1         0
                text10                             1F50     1F50       56         0
                text9                              1E07     1E07       2A         0
                text8                              1E31     1E31       3A         0
                text7                              1D16     1D16       1B         0
                text6                              126D     126D      109         0
                text5                              1DBB     1DBB       25         0
                text4                              1FA6     1FA6       5A         0
                text3                              1485     1485      117         0
                text2                              1D31     1D31       21         0
                text1                              1D74     1D74       23         0
                maintext                            A3D      A3D      27E         0
                clrtext                            1CC3     1CC3        8         0

        CLASS   STRCODE        

        CLASS   STRING         
                strings                            1800     1800       48         0

        CLASS   CONST          

        CLASS   ENTRY          

        CLASS   COMMON         
                cstackCOMMON                         70       70        E         1

        CLASS   BANK0          
                cstackBANK0                          20       20       50         1

        CLASS   BANK1          
                cstackBANK1                          A0       A0       4D         1
                bssBANK1                             ED       ED        3         1

        CLASS   BANK2          
                bssBANK2                            110      110       50         1

        CLASS   BANK3          
                cstackBANK3                         1D0      1D0        D         1
                bssBANK3                            190      190       40         1

        CLASS   RAM            

        CLASS   ABS1           
                abs_s1                               7E       7E        2         1

        CLASS   SFR0           

        CLASS   SFR1           

        CLASS   SFR2           

        CLASS   SFR3           

        CLASS   CONFIG         
                config                             2007     2007        1         4

        CLASS   IDLOC          

        CLASS   EEDATA         

        CLASS   HEAP           

        CLASS   STACK          



SEGMENTS        Name                           Load    Length   Top    Selector   Space  Class     Delta

                reset_vec                      000000  000029  000029         0       0  CODE        2
                cstackBANK0                    000020  000050  000070        20       1  BANK0       1
                text25                         000029  0000B8  0000E1        52       0  CODE        2
                cstackCOMMON                   000070  00000E  00007E        70       1  COMMON      1
                cstackBANK1                    0000A0  000050  0000F0        A0       1  BANK1       1
                bssBANK2                       000110  000050  000160       110       1  BANK2       1
                bssBANK3                       000190  00004D  0001DD       190       1  BANK3       1
                text6_split_1                  0000E1  000705  0007E6       1C2       0  CODE        2
                cinit                          0007E6  00001A  000800       FCC       0  CODE        2
                text11                         000802  000001  000803      1004       0  CODE        2
                text30                         000803  00000D  000810      1006       0  CODE        2
                text29                         000810  00005E  00086E      1020       0  CODE        2
                text24                         00086E  0001CF  000A3D      10DC       0  CODE        2
                maintext                       000A3D  00027E  000CBB      147A       0  CODE        2
                text20                         000CBB  000349  001004      1976       0  CODE        2
                text27                         001004  000035  001039      2008       0  CODE        2
                text16                         001039  000076  0010AF      2072       0  CODE        2
                text28                         0010AF  00008D  00113C      215E       0  CODE        2
                text15                         00113C  00008D  0011C9      2278       0  CODE        2
                text22                         0011C9  0000A4  00126D      2392       0  CODE        2
                text6                          00126D  000109  001376      24DA       0  CODE        2
                text14                         001376  00010F  001485      26EC       0  CODE        2
                text3                          001485  000117  00159C      290A       0  CODE        2
                text18                         00159C  000264  001800      2B38       0  CODE        2
                strings                        001800  000048  001848      3000       0  STRING      2
                clrtext                        001CC3  000008  001CCB      3986       0  CODE        2
                text19                         001CCB  00000B  001CD6      3996       0  CODE        2
                text35                         001CD6  000011  001CE7      39AC       0  CODE        2
                text13                         001CE7  000015  001CFC      39CE       0  CODE        2
                text31                         001CFC  00001A  001D16      39F8       0  CODE        2
                text7                          001D16  00001B  001D31      3A2C       0  CODE        2
                text2                          001D31  000021  001D52      3A62       0  CODE        2
                text32                         001D52  000022  001D74      3AA4       0  CODE        2
                text1                          001D74  000023  001D97      3AE8       0  CODE        2
                text17                         001D97  000024  001DBB      3B2E       0  CODE        2
                text5                          001DBB  000025  001DE0      3B76       0  CODE        2
                text21                         001DE0  000027  001E07      3BC0       0  CODE        2
                text9                          001E07  00002A  001E31      3C0E       0  CODE        2
                text8                          001E31  00003A  001E6B      3C62       0  CODE        2
                text26                         001E6B  000042  001EAD      3CD6       0  CODE        2
                text23                         001EAD  00004E  001EFB      3D5A       0  CODE        2
                text34                         001EFB  000055  001F50      3DF6       0  CODE        2
                text10                         001F50  000056  001FA6      3EA0       0  CODE        2
                text4                          001FA6  00005A  002000      3F4C       0  CODE        2


UNUSED ADDRESS RANGES

        Name                Unused          Largest block    Delta
        BANK2            000160-00016F               10           1
        BANK3            0001DD-0001EF               13           1
        CODE             000800-000801                2           2
                         001848-001CC2              47B
        CONST            000800-000801                2           2
                         001848-001CC2              100
        EEDATA           002100-0021FF              100           2
        ENTRY            000800-000801                2           2
                         001848-001CC2              100
        IDLOC            002000-002003                4           2
        RAM              000160-00016F               10           1
                         0001DD-0001EF               13
        SFR0             000000-00001F               20           1
        SFR1             000080-00009F               20           1
        SFR2             000100-00010F               10           1
        SFR3             000180-00018F               10           1
        STRCODE          000800-000801                2           2
                         001848-001CC2              47B
        STRING           000800-000801                2           2
                         001848-001CC2              100

                                  Symbol Table

?_ADCRead                   cstackCOMMON 000070
?__Umul8_16                 cstackCOMMON 000070
?___fladd                   cstackCOMMON 000070
?___fldiv                   cstackBANK0  000042
?___flmul                   cstackBANK0  000028
?___flneg                   cstackCOMMON 000070
?___flsub                   cstackBANK0  000042
?___fltol                   cstackCOMMON 000070
?___fpclassifyf             cstackCOMMON 000070
?___wmul                    cstackCOMMON 000070
?___xxtofl                  cstackCOMMON 000070
?_floorf                    cstackBANK0  00005C
?_labs                      cstackCOMMON 000070
?_read_prec_or_width        cstackCOMMON 000076
?_sprintf                   cstackBANK1  0000E5
?_vfprintf                  cstackBANK1  0000E1
ADCRead@x                   cstackCOMMON 000070
Lcd_Cmd@a                   cstackCOMMON 000073
Lcd_Port@a                  cstackCOMMON 000070
Lcd_Set_Cursor@a            cstackCOMMON 000076
Lcd_Set_Cursor@b            cstackCOMMON 000074
Lcd_Set_Cursor@temp         cstackCOMMON 000079
Lcd_Set_Cursor@y            cstackCOMMON 000078
Lcd_Set_Cursor@z            cstackCOMMON 000077
Lcd_Write_Char@a            cstackCOMMON 000074
Lcd_Write_Char@temp         cstackCOMMON 000072
Lcd_Write_Char@y            cstackCOMMON 000073
Lcd_Write_String@a          cstackCOMMON 000075
Lcd_Write_String@i          cstackCOMMON 00007A
_ADCInit                    text35       001CD6
_ADCON0bits                 (abs)        00001F
_ADCON1bits                 (abs)        00009F
_ADCRead                    text34       001EFB
_ADRESH                     (abs)        00001E
_ADRESL                     (abs)        00009E
_GO_nDONE                   (abs)        0000FA
_LCD                        text33       001000
_Lcd_Clear                  text30       000803
_Lcd_Cmd                    text31       001CFC
_Lcd_Init                   text29       000810
_Lcd_Port                   text32       001D52
_Lcd_Set_Cursor             text28       0010AF
_Lcd_Write_Char             text27       001004
_Lcd_Write_String           text26       001E6B
_PORTDbits                  (abs)        000008
_RB0                        (abs)        000030
_RB1                        (abs)        000031
_RB2                        (abs)        000032
_RB3                        (abs)        000033
_RB4                        (abs)        000034
_RB5                        (abs)        000035
_TRISA0                     (abs)        000428
_TRISA1                     (abs)        000429
_TRISA2                     (abs)        00042A
_TRISB                      (abs)        000086
_TRISD2                     (abs)        000442
__H__absolute__             __absolute__ 000000
__Habs1                     abs1         000000
__Hbank0                    bank0        000000
__Hbank1                    bank1        000000
__Hbank2                    bank2        000000
__Hbank3                    bank3        000000
__HbssBANK1                 bssBANK1     000000
__HbssBANK2                 bssBANK2     000000
__HbssBANK3                 bssBANK3     000000
__Hcinit                    cinit        000800
__Hclrtext                  clrtext      000000
__Hcode                     code         000000
__Hcommon                   common       000000
__Hconfig                   config       002008
__HcstackBANK0              cstackBANK0  000000
__HcstackBANK1              cstackBANK1  000000
__HcstackBANK3              cstackBANK3  000000
__HcstackCOMMON             cstackCOMMON 000000
__Heeprom_data              eeprom_data  000000
__Hend_init                 end_init     000003
__Hfunctab                  functab      000000
__Hheap                     heap         000000
__Hinit                     init         000000
__Hintentry                 intentry     000000
__Hmaintext                 maintext     000000
__Hpowerup                  powerup      000000
__Hram                      ram          000000
__Hreset_vec                reset_vec    000000
__Hsfr0                     sfr0         000000
__Hsfr1                     sfr1         000000
__Hsfr2                     sfr2         000000
__Hsfr3                     sfr3         000000
__Hsivt                     sivt         000000
__Hspace_0                  (abs)        002000
__Hspace_1                  (abs)        0001DD
__Hspace_2                  (abs)        000000
__Hspace_3                  (abs)        000000
__Hspace_4                  (abs)        00400F
__Hstack                    stack        000000
__Hstrings                  strings      000000
__Htext                     text         000000
__L__absolute__             __absolute__ 000000
__Labs1                     abs1         000000
__Lbank0                    bank0        000000
__Lbank1                    bank1        000000
__Lbank2                    bank2        000000
__Lbank3                    bank3        000000
__LbssBANK1                 bssBANK1     000000
__LbssBANK2                 bssBANK2     000000
__LbssBANK3                 bssBANK3     000000
__Lcinit                    cinit        0007E6
__Lclrtext                  clrtext      000000
__Lcode                     code         000000
__Lcommon                   common       000000
__Lconfig                   config       000000
__LcstackBANK0              cstackBANK0  000000
__LcstackBANK1              cstackBANK1  000000
__LcstackBANK3              cstackBANK3  000000
__LcstackCOMMON             cstackCOMMON 000000
__Leeprom_data              eeprom_data  000000
__Lend_init                 end_init     000000
__Lfunctab                  functab      000000
__Lheap                     heap         000000
__Linit                     init         000000
__Lintentry                 intentry     000000
__Lmaintext                 maintext     000000
__Lpowerup                  powerup      000000
__Lram                      ram          000000
__Lreset_vec                reset_vec    000000
__Lsfr0                     sfr0         000000
__Lsfr1                     sfr1         000000
__Lsfr2                     sfr2         000000
__Lsfr3                     sfr3         000000
__Lsivt                     sivt         000000
__Lspace_0                  (abs)        000000
__Lspace_1                  (abs)        000000
__Lspace_2                  (abs)        000000
__Lspace_3                  (abs)        000000
__Lspace_4                  (abs)        000000
__Lstack                    stack        000000
__Lstrings                  strings      000000
__Ltext                     text         000000
__S0                        (abs)        002000
__S1                        (abs)        0001DD
__S3                        (abs)        000000
__Umul8_16                  text21       001DE0
__Umul8_16@multiplicand     cstackCOMMON 000070
__Umul8_16@multiplier       cstackCOMMON 000078
__Umul8_16@product          cstackCOMMON 000074
__Umul8_16@word_mpld        cstackCOMMON 000076
___fladd                    text18       00159C
___fladd@a                  cstackCOMMON 000074
___fladd@aexp               cstackCOMMON 000079
___fladd@b                  cstackCOMMON 000070
___fladd@bexp               cstackCOMMON 00007A
___fladd@grs                cstackCOMMON 00007B
___fladd@signs              cstackCOMMON 000078
___fldiv                    text24       00086E
___fldiv@a                  cstackBANK0  000042
___fldiv@aexp               cstackBANK0  00005B
___fldiv@b                  cstackBANK0  000046
___fldiv@bexp               cstackBANK0  00005A
___fldiv@grs                cstackBANK0  000056
___fldiv@new_exp            cstackBANK0  000054
___fldiv@rem                cstackBANK0  00004F
___fldiv@sign               cstackBANK0  000053
___fleq                     text23       001EAD
___fleq@ff1                 cstackCOMMON 000070
___fleq@ff2                 cstackCOMMON 000074
___flge                     text22       0011C9
___flge@ff1                 cstackBANK0  000042
___flge@ff2                 cstackBANK0  000046
___flmul                    text20       000CBB
___flmul@a                  cstackBANK0  00002C
___flmul@aexp               cstackBANK0  00003A
___flmul@b                  cstackBANK0  000028
___flmul@bexp               cstackBANK0  00003B
___flmul@grs                cstackBANK0  000036
___flmul@prod               cstackBANK0  00003C
___flmul@sign               cstackBANK0  000035
___flmul@temp               cstackBANK0  000040
___flneg                    text19       001CCB
___flneg@f1                 cstackCOMMON 000070
___flsub                    text17       001D97
___flsub@a                  cstackBANK0  000042
___flsub@b                  cstackBANK0  000046
___fltol                    text16       001039
___fltol@exp1               cstackCOMMON 000079
___fltol@f1                 cstackCOMMON 000070
___fltol@sign1              cstackCOMMON 000078
___fpclassifyf              text15       00113C
___fpclassifyf@F465         bssBANK3     000194
___fpclassifyf@e            cstackBANK0  000020
___fpclassifyf@u            cstackBANK0  000022
___fpclassifyf@x            cstackCOMMON 000070
___heap_hi                  (abs)        000000
___heap_lo                  (abs)        000000
___int_sp                   stack        000000
___int_stack_hi             stack        000000
___int_stack_lo             stack        000000
___latbits                  (abs)        000002
___sp                       stack        000000
___stack_hi                 stack        000000
___stack_lo                 stack        000000
___stackhi                  (abs)        000000
___stacklo                  (abs)        000000
___wmul                     text5        001DBB
___wmul@multiplicand        cstackCOMMON 000072
___wmul@multiplier          cstackCOMMON 000070
___wmul@product             cstackCOMMON 000074
___xxtofl                   text25       000029
___xxtofl@arg               cstackCOMMON 00007A
___xxtofl@exp               cstackCOMMON 000079
___xxtofl@sign              cstackCOMMON 000078
___xxtofl@val               cstackCOMMON 000070
__end_of_ADCInit            text35       001CE7
__end_of_ADCRead            text34       001F50
__end_of_LCD                text33       001004
__end_of_Lcd_Clear          text30       000810
__end_of_Lcd_Cmd            text31       001D16
__end_of_Lcd_Init           text29       00086E
__end_of_Lcd_Port           text32       001D74
__end_of_Lcd_Set_Cursor     text28       00113C
__end_of_Lcd_Write_Char     text27       001039
__end_of_Lcd_Write_String   text26       001EAD
__end_of__Umul8_16          text21       001E07
__end_of___fladd            text18       001800
__end_of___fldiv            text24       000A3D
__end_of___fleq             text23       001EFB
__end_of___flge             text22       00126D
__end_of___flmul            text20       001000
__end_of___flneg            text19       001CD6
__end_of___flsub            text17       001DBB
__end_of___fltol            text16       0010AF
__end_of___fpclassifyf      text15       0011C9
__end_of___wmul             text5        001DE0
__end_of___xxtofl           text25       0000E1
__end_of__initialization    cinit        0007FC
__end_of__stringtab         strings      001810
__end_of_efgtoa             text6_split_1 0007E6
__end_of_floorf             text14       001485
__end_of_fputc              text10       001FA6
__end_of_fputs              text9        001E31
__end_of_labs               text13       001CFC
__end_of_main               maintext     000CBB
__end_of_memcpy             text12       000029
__end_of_pad                text8        001E6B
__end_of_putch              text11       000803
__end_of_read_prec_or_width text4        002000
__end_of_sprintf            text1        001D97
__end_of_strcpy             text7        001D31
__end_of_vfpfcnvrt          text3        00159C
__end_of_vfprintf           text2        001D52
__initialization            cinit        0007E6
__pbssBANK1                 bssBANK1     0000ED
__pbssBANK2                 bssBANK2     000110
__pbssBANK3                 bssBANK3     000190
__pcstackBANK0              cstackBANK0  000020
__pcstackBANK1              cstackBANK1  0000A0
__pcstackBANK3              cstackBANK3  0001D0
__pcstackCOMMON             cstackCOMMON 000070
__pmaintext                 maintext     000A3D
__pstrings                  strings      001800
__ptext1                    text1        001D74
__ptext10                   text10       001F50
__ptext11                   text11       000802
__ptext12                   text12       000003
__ptext13                   text13       001CE7
__ptext14                   text14       001376
__ptext15                   text15       00113C
__ptext16                   text16       001039
__ptext17                   text17       001D97
__ptext18                   text18       00159C
__ptext19                   text19       001CCB
__ptext2                    text2        001D31
__ptext20                   text20       000CBB
__ptext21                   text21       001DE0
__ptext22                   text22       0011C9
__ptext23                   text23       001EAD
__ptext24                   text24       00086E
__ptext25                   text25       000029
__ptext26                   text26       001E6B
__ptext27                   text27       001004
__ptext28                   text28       0010AF
__ptext29                   text29       000810
__ptext3                    text3        001485
__ptext30                   text30       000803
__ptext31                   text31       001CFC
__ptext32                   text32       001D52
__ptext33                   text33       001000
__ptext34                   text34       001EFB
__ptext35                   text35       001CD6
__ptext4                    text4        001FA6
__ptext5                    text5        001DBB
__ptext6                    text6        00126D
__ptext7                    text7        001D16
__ptext8                    text8        001E31
__ptext9                    text9        001E07
__stringbase                strings      00180F
__stringtab                 strings      001800
_dbuf                       bssBANK2     000110
_efgtoa                     text6        00126D
_efgtoa$789                 cstackBANK1  0000AF
_flags                      bssBANK1     0000EF
_floorf                     text14       001376
_fputc                      text10       001F50
_fputs                      text9        001E07
_labs                       text13       001CE7
_main                       maintext     000A3D
_memcpy                     text12       000003
_pad                        text8        001E31
_prec                       bssBANK1     0000ED
_putch                      text11       000802
_read_prec_or_width         text4        001FA6
_s                          bssBANK3     0001B8
_soil_moisture_percent      bssBANK3     0001A4
_soil_moisture_value        bssBANK3     0001CE
_sprintf                    text1        001D74
_strcpy                     text7        001D16
_temp_volt                  bssBANK3     000198
_temperature_ADC            bssBANK3     0001B6
_temperature_celsius        bssBANK3     00019C
_vfpfcnvrt                  text3        001485
_vfprintf                   text2        001D31
_water_level                bssBANK3     0001CC
_water_level_percent        bssBANK3     0001A0
_width                      bssBANK3     0001B4
btemp                       (abs)        00007E
clear_ram0                  clrtext      001CC3
efgtoa@c                    cstackBANK1  0000A4
efgtoa@d                    cstackBANK1  0000B4
efgtoa@e                    cstackBANK1  0000B9
efgtoa@f                    cstackBANK1  0000A0
efgtoa@fp                   cstackBANK1  0000B8
efgtoa@g                    cstackBANK1  0000CE
efgtoa@h                    cstackBANK1  0000C3
efgtoa@i                    cstackBANK1  0000C1
efgtoa@l                    cstackBANK1  0000C7
efgtoa@m                    cstackBANK1  0000B6
efgtoa@mode                 cstackBANK1  0000B2
efgtoa@n                    cstackBANK1  0000CC
efgtoa@ne                   cstackBANK1  0000A9
efgtoa@nmode                cstackBANK1  0000B3
efgtoa@ou                   cstackBANK1  0000BD
efgtoa@p                    cstackBANK1  0000AB
efgtoa@pp                   cstackBANK1  0000B1
efgtoa@sign                 cstackBANK1  0000CB
efgtoa@t                    cstackBANK1  0000AD
efgtoa@u                    cstackBANK1  0000D2
efgtoa@w                    cstackBANK1  0000BB
end_of_initialization       cinit        0007FC
floorf@F521                 bssBANK3     000190
floorf@e                    cstackBANK0  00006A
floorf@m                    cstackBANK0  000066
floorf@u                    cstackBANK0  00006C
floorf@x                    cstackBANK0  00005C
fputc@c                     cstackCOMMON 000070
fputc@fp                    cstackCOMMON 000072
fputs@c                     cstackBANK0  000020
fputs@fp                    cstackCOMMON 000078
fputs@i                     cstackBANK0  000021
fputs@s                     cstackBANK0  000023
intlevel0                   functab      000000
intlevel1                   functab      000000
intlevel2                   functab      000000
intlevel3                   functab      000000
intlevel4                   functab      000000
intlevel5                   functab      000000
labs@a                      cstackCOMMON 000070
memcpy@d                    cstackCOMMON 000075
memcpy@d1                   cstackCOMMON 000074
memcpy@n                    cstackCOMMON 000071
memcpy@s                    cstackCOMMON 000076
memcpy@s1                   cstackCOMMON 000070
memcpy@tmp                  cstackCOMMON 000073
pad@buf                     cstackCOMMON 00007B
pad@fp                      cstackBANK0  000027
pad@i                       cstackBANK0  000025
pad@p                       cstackCOMMON 00007C
pnum$text6                  (abs)        000012
pnum$text6_split_1          (abs)        000031
psplit$0                    (abs)        120031
read_prec_or_width@ap       cstackCOMMON 000076
read_prec_or_width@c        cstackCOMMON 000078
read_prec_or_width@fmt      cstackCOMMON 00007B
read_prec_or_width@n        cstackCOMMON 000079
reset_vec                   reset_vec    000000
sprintf@ap                  cstackBANK3  0001D0
sprintf@f                   cstackBANK3  0001D2
sprintf@fmt                 cstackBANK1  0000E5
sprintf@s                   cstackBANK3  0001D1
start                       init         000000
start_initialization        cinit        0007E6
strcpy@d                    cstackCOMMON 000071
strcpy@dest                 cstackCOMMON 000072
strcpy@src                  cstackCOMMON 000070
vfpfcnvrt@ap                cstackBANK1  0000D7
vfpfcnvrt@c                 cstackBANK1  0000DE
vfpfcnvrt@convarg           cstackBANK1  0000DA
vfpfcnvrt@cp                cstackBANK1  0000E0
vfpfcnvrt@fmt               cstackBANK1  0000D6
vfpfcnvrt@fp                cstackBANK1  0000DF
vfprintf@ap                 cstackBANK1  0000E2
vfprintf@cfmt               cstackBANK1  0000E4
vfprintf@fmt                cstackBANK1  0000E1
vfprintf@fp                 cstackBANK1  0000E3
wtemp0                      (abs)        00007E


MODULE INFORMATION

Module		Function		Class		Link	Load	Size
C:\Program Files\Microchip\xc8\v2.46\pic\sources\c99\common\fltol.c
		___fltol       		CODE           	1039	0000	118

C:\Program Files\Microchip\xc8\v2.46\pic\sources\c99\common\fltol.c estimated size: 118

C:\Program Files\Microchip\xc8\v2.46\pic\sources\c99\common\Umul8_16.c
		__Umul8_16     		CODE           	1DE0	0000	39

C:\Program Files\Microchip\xc8\v2.46\pic\sources\c99\common\Umul8_16.c estimated size: 39

C:\Program Files\Microchip\xc8\v2.46\pic\sources\c99\common\floorf.c
		_floorf        		CODE           	1376	0000	271

C:\Program Files\Microchip\xc8\v2.46\pic\sources\c99\common\floorf.c estimated size: 271

C:\Program Files\Microchip\xc8\v2.46\pic\sources\c99\common\nf_fputc.c
		_fputc         		CODE           	1F50	0000	86

C:\Program Files\Microchip\xc8\v2.46\pic\sources\c99\common\nf_fputc.c estimated size: 86

C:\Program Files\Microchip\xc8\v2.46\pic\sources\c99\common\xxtofl.c
		___xxtofl      		CODE           	0029	0000	184

C:\Program Files\Microchip\xc8\v2.46\pic\sources\c99\common\xxtofl.c estimated size: 184

C:\Program Files\Microchip\xc8\v2.46\pic\sources\c99\common\flneg.c
		___flneg       		CODE           	1CCB	0000	11

C:\Program Files\Microchip\xc8\v2.46\pic\sources\c99\common\flneg.c estimated size: 11

C:\Program Files\Microchip\xc8\v2.46\pic\sources\c99\common\__fpclassifyf.c
		___fpclassifyf 		CODE           	113C	0000	141

C:\Program Files\Microchip\xc8\v2.46\pic\sources\c99\common\__fpclassifyf.c estimated size: 141

C:\Program Files\Microchip\xc8\v2.46\pic\sources\c99\common\sprcmul.c
		___flmul       		CODE           	0CBB	0000	837

C:\Program Files\Microchip\xc8\v2.46\pic\sources\c99\common\sprcmul.c estimated size: 837

C:\Program Files\Microchip\xc8\v2.46\pic\sources\c99\common\strcpy.c
		_strcpy        		CODE           	1D16	0000	27

C:\Program Files\Microchip\xc8\v2.46\pic\sources\c99\common\strcpy.c estimated size: 27

C:\Program Files\Microchip\xc8\v2.46\pic\sources\c99\common\sprcdiv.c
		___fldiv       		CODE           	086E	0000	463

C:\Program Files\Microchip\xc8\v2.46\pic\sources\c99\common\sprcdiv.c estimated size: 463

C:\Program Files\Microchip\xc8\v2.46\pic\sources\c99\common\fleq.c
		___fleq        		CODE           	1EAD	0000	78

C:\Program Files\Microchip\xc8\v2.46\pic\sources\c99\common\fleq.c estimated size: 78

C:\Program Files\Microchip\xc8\v2.46\pic\sources\c99\common\doprnt.c
		_read_prec_or_width		CODE           	1FA6	0000	90
		_vfpfcnvrt     		CODE           	1485	0000	279
		_efgtoa        		CODE           	126D	0000	2062
		_pad           		CODE           	1E31	0000	58
		_vfprintf      		CODE           	1D31	0000	33

C:\Program Files\Microchip\xc8\v2.46\pic\sources\c99\common\doprnt.c estimated size: 2522

C:\Program Files\Microchip\xc8\v2.46\pic\sources\c99\common\nf_sprintf.c
		_sprintf       		CODE           	1D74	0000	35

C:\Program Files\Microchip\xc8\v2.46\pic\sources\c99\common\nf_sprintf.c estimated size: 35

plant.c
		_Lcd_Write_String		CODE           	1E6B	0000	66
		_Lcd_Init      		CODE           	0810	0000	94
		_Lcd_Write_Char		CODE           	1004	0000	53
		_ADCInit       		CODE           	1CD6	0000	17
		_LCD           		CODE           	1000	0000	4
		_main          		CODE           	0A3D	0000	638
		_Lcd_Cmd       		CODE           	1CFC	0000	26
		_Lcd_Set_Cursor		CODE           	10AF	0000	141
		_Lcd_Clear     		CODE           	0803	0000	13
		_ADCRead       		CODE           	1EFB	0000	85
		_Lcd_Port      		CODE           	1D52	0000	34

plant.c estimated size: 1171

shared
		__stringtab    		STRING         	1800	0000	16
		__initialization		CODE           	07E6	0000	22

shared estimated size: 38

C:\Program Files\Microchip\xc8\v2.46\pic\sources\c99\common\putch.c
		_putch         		CODE           	0802	0000	1

C:\Program Files\Microchip\xc8\v2.46\pic\sources\c99\common\putch.c estimated size: 1

C:\Program Files\Microchip\xc8\v2.46\pic\sources\c99\common\Umul16.c
		___wmul        		CODE           	1DBB	0000	37

C:\Program Files\Microchip\xc8\v2.46\pic\sources\c99\common\Umul16.c estimated size: 37

C:\Program Files\Microchip\xc8\v2.46\pic\sources\c99\common\nf_fputs.c
		_fputs         		CODE           	1E07	0000	42

C:\Program Files\Microchip\xc8\v2.46\pic\sources\c99\common\nf_fputs.c estimated size: 42

C:\Program Files\Microchip\xc8\v2.46\pic\sources\c99\common\sprcadd.c
		___flsub       		CODE           	1D97	0000	36
		___fladd       		CODE           	159C	0000	612

C:\Program Files\Microchip\xc8\v2.46\pic\sources\c99\common\sprcadd.c estimated size: 648

C:\Program Files\Microchip\xc8\v2.46\pic\sources\c99\common\memcpy.c
		_memcpy        		CODE           	0003	0000	38

C:\Program Files\Microchip\xc8\v2.46\pic\sources\c99\common\memcpy.c estimated size: 38

C:\Program Files\Microchip\xc8\v2.46\pic\sources\c99\common\labs.c
		_labs          		CODE           	1CE7	0000	21

C:\Program Files\Microchip\xc8\v2.46\pic\sources\c99\common\labs.c estimated size: 21

C:\Program Files\Microchip\xc8\v2.46\pic\sources\c99\common\flge.c
		___flge        		CODE           	11C9	0000	164

C:\Program Files\Microchip\xc8\v2.46\pic\sources\c99\common\flge.c estimated size: 164

