Microchip MPLAB XC8 Compiler V2.46

Linker command line:

-W-3 \
  --edf=C:\Program Files\Microchip\xc8\v2.46\pic\dat\20240104201356_en.msgs \
  -cn -h+dist/default/production\PIC-UART-RX.X.production.sym \
  --cmf=dist/default/production\PIC-UART-RX.X.production.cmf -z -Q16F877A \
  -oC:\Users\aathi\AppData\Local\Temp\xcAsau8.\driver_tmp_3.o \
  --defsym=__MPLAB_BUILD=1 --fixupoverflow=error \
  -Mdist/default/production/PIC-UART-RX.X.production.map \
  --md=C:\Users\aathi\AppData\Local\Temp\xcAsau8.\driver_tmp_0.dat -E1 \
  -ver=XC8 Compiler --acfsm=1493 -ACODE=00h-07FFhx4 -ASTRCODE=00h-01FFFh \
  -ASTRING=00h-0FFhx32 -ACONST=00h-0FFhx32 -AENTRY=00h-0FFhx32 \
  -ACOMMON=070h-07Fh -ABANK0=020h-06Fh -ABANK1=0A0h-0EFh \
  -ABANK2=0110h-016Fh -ABANK3=0190h-01EFh \
  -ARAM=020h-06Fh,0A0h-0EFh,0110h-016Fh,0190h-01EFh \
  -AABS1=020h-07Fh,0A0h-0EFh,0110h-016Fh,0190h-01EFh -ASFR0=00h-01Fh \
  -ASFR1=080h-09Fh -ASFR2=0100h-010Fh -ASFR3=0180h-018Fh \
  -ACONFIG=02007h-02007h -DCONFIG=2 -AIDLOC=02000h-02003h -DIDLOC=2 \
  -AEEDATA=00h-0FFh/02100h -peeprom_data=EEDATA -DEEDATA=2 -DCODE=2 \
  -DSTRCODE=2 -DSTRING=2 -DCONST=2 -DENTRY=2 \
  -preset_vec=00h,intentry,sivt,init,end_init -ppowerup=CODE -pcinit=CODE \
  -pfunctab=ENTRY -k \
  C:\Users\aathi\AppData\Local\Temp\xcAsau8.\driver_tmp_17.o \
  dist/default/production\PIC-UART-RX.X.production.o 

Object code version is 3.11

Machine type is 16F877A



                Name                               Link     Load   Length Selector   Space Scale
C:\Users\aathi\AppData\Local\Temp\xcAsau8.\driver_tmp_17.o
                end_init                              0        0        3        0       0
                config                             2007     2007        1        0       4
dist/default/production\PIC-UART-RX.X.production.o
                cinit                               7EB      7EB       15      FD6       0
                config                             2007     2007        1        0       4
                text20                              21C      21C        4      438       0
                text19                              2E3      2E3       22      5C6       0
                text18                              24E      24E       1A      49C       0
                text17                              230      230        D      460       0
                text16                              469      469       5E      8D2       0
                text15                              52E      52E       8D      A5C       0
                text14                              305      305       35      60A       0
                text13                              2A1      2A1       21      542       0
                text12                              268      268       1A      4D0       0
                text11                              220      220        8      440       0
                text10                              4C7      4C7       67      98E       0
                text9                               410      410       59      820       0
                text8                               374      374       44      6E8       0
                text7                               33A      33A       3A      674       0
                text6                               23D      23D       11      47A       0
                text5                               21B      21B        1      436       0
                text4                               3B8      3B8       58      770       0
                text3                               67E      67E      16D      CFC       0
                text2                               2C2      2C2       21      584       0
                text1                               282      282       1F      504       0
                maintext                            5BB      5BB       C3      B76       0
                cstackBANK0                          47       47       21       20       1
                cstackCOMMON                         70       70        E       70       1
                cstackBANK3                         190      190       5C      190       1
                clrtext                             228      228        8      450       0
                bssBANK1                             A0       A0       28       A0       1
                bssBANK0                             20       20       27       20       1
                strings                               3        3        F        6       0

TOTAL           Name                               Link     Load   Length     Space
        CLASS   CODE           
                end_init                              0        0        3         0
                cinit                               7EB      7EB       15         0
                text20                              21C      21C        4         0
                text19                              2E3      2E3       22         0
                text18                              24E      24E       1A         0
                text17                              230      230        D         0
                text16                              469      469       5E         0
                text15                              52E      52E       8D         0
                text14                              305      305       35         0
                text13                              2A1      2A1       21         0
                text12                              268      268       1A         0
                text11                              220      220        8         0
                text10                              4C7      4C7       67         0
                text9                               410      410       59         0
                text8                               374      374       44         0
                text7                               33A      33A       3A         0
                text6                               23D      23D       11         0
                text5                               21B      21B        1         0
                text4                               3B8      3B8       58         0
                text3                               67E      67E      16D         0
                text2                               2C2      2C2       21         0
                text1                               282      282       1F         0
                maintext                            5BB      5BB       C3         0
                clrtext                             228      228        8         0

        CLASS   STRCODE        

        CLASS   STRING         
                strings                               3        3        F         0

        CLASS   CONST          

        CLASS   ENTRY          

        CLASS   COMMON         
                cstackCOMMON                         70       70        E         1

        CLASS   BANK0          
                cstackBANK0                          47       47       21         1
                bssBANK0                             20       20       27         1

        CLASS   BANK1          
                bssBANK1                             A0       A0       28         1

        CLASS   BANK2          

        CLASS   BANK3          
                cstackBANK3                         190      190       5C         1

        CLASS   RAM            

        CLASS   ABS1           
                abs_s1                               7E       7E        2         1

        CLASS   SFR0           

        CLASS   SFR1           

        CLASS   SFR2           

        CLASS   SFR3           

        CLASS   CONFIG         
                config                             2007     2007        1         4

        CLASS   IDLOC          

        CLASS   EEDATA         

        CLASS   HEAP           

        CLASS   STACK          



SEGMENTS        Name                           Load    Length   Top    Selector   Space  Class     Delta

                reset_vec                      000000  000003  000003         0       0  CODE        2
                strings                        000003  00000F  000012         6       0  STRING      2
                bssBANK0                       000020  000048  000068        20       1  BANK0       1
                cstackCOMMON                   000070  00000E  00007E        70       1  COMMON      1
                bssBANK1                       0000A0  000028  0000C8        A0       1  BANK1       1
                cstackBANK3                    000190  00005C  0001EC       190       1  BANK3       1
                text5                          00021B  000001  00021C       436       0  CODE        2
                text20                         00021C  000004  000220       438       0  CODE        2
                text11                         000220  000008  000228       440       0  CODE        2
                clrtext                        000228  000008  000230       450       0  CODE        2
                text17                         000230  00000D  00023D       460       0  CODE        2
                text6                          00023D  000011  00024E       47A       0  CODE        2
                text18                         00024E  00001A  000268       49C       0  CODE        2
                text12                         000268  00001A  000282       4D0       0  CODE        2
                text1                          000282  00001F  0002A1       504       0  CODE        2
                text13                         0002A1  000021  0002C2       542       0  CODE        2
                text2                          0002C2  000021  0002E3       584       0  CODE        2
                text19                         0002E3  000022  000305       5C6       0  CODE        2
                text14                         000305  000035  00033A       60A       0  CODE        2
                text7                          00033A  00003A  000374       674       0  CODE        2
                text8                          000374  000044  0003B8       6E8       0  CODE        2
                text4                          0003B8  000058  000410       770       0  CODE        2
                text9                          000410  000059  000469       820       0  CODE        2
                text16                         000469  00005E  0004C7       8D2       0  CODE        2
                text10                         0004C7  000067  00052E       98E       0  CODE        2
                text15                         00052E  00008D  0005BB       A5C       0  CODE        2
                maintext                       0005BB  0000C3  00067E       B76       0  CODE        2
                text3                          00067E  00016D  0007EB       CFC       0  CODE        2
                cinit                          0007EB  000015  000800       FD6       0  CODE        2


UNUSED ADDRESS RANGES

        Name                Unused          Largest block    Delta
        BANK0            0068-006F              8           1
        BANK1            00C8-00EF             28           1
        BANK2            0110-016F             60           1
        BANK3            01EC-01EF              4           1
        CODE             0012-021A            209           2
                         0800-1FFF            800
        CONST            0012-021A            100           2
                         0800-1FFF            100
        EEDATA           2100-21FF            100           2
        ENTRY            0012-021A            100           2
                         0800-1FFF            100
        IDLOC            2000-2003              4           2
        RAM              0068-006F              8           1
                         00C8-00EF             28
                         0110-016F             60
                         01EC-01EF              4
        SFR0             0000-001F             20           1
        SFR1             0080-009F             20           1
        SFR2             0100-010F             10           1
        SFR3             0180-018F             10           1
        STRCODE          0012-021A            209           2
                         0800-1FFF           1800
        STRING           0012-021A            100           2
                         0800-1FFF            100

                                  Symbol Table

?___awdiv                 cstackCOMMON 0070
?___awmod                 cstackCOMMON 0070
?___lwdiv                 cstackCOMMON 0070
?___lwmod                 cstackCOMMON 0070
?_abs                     cstackCOMMON 0076
?_sprintf                 cstackBANK0  0053
?_vfprintf                cstackBANK0  004F
Lcd_Cmd@a                 cstackCOMMON 0073
Lcd_Port@a                cstackCOMMON 0070
Lcd_Set_Cursor@a          cstackCOMMON 0076
Lcd_Set_Cursor@b          cstackCOMMON 0074
Lcd_Set_Cursor@temp       cstackCOMMON 0079
Lcd_Set_Cursor@y          cstackCOMMON 0078
Lcd_Set_Cursor@z          cstackCOMMON 0077
Lcd_Write_Char@a          cstackCOMMON 0074
Lcd_Write_Char@temp       cstackCOMMON 0072
Lcd_Write_Char@y          cstackCOMMON 0073
Lcd_Write_String@a        cstackCOMMON 0078
Lcd_Write_String@i        cstackCOMMON 0076
_LCD                      text20       021C
_Lcd_Clear                text17       0230
_Lcd_Cmd                  text18       024E
_Lcd_Init                 text16       0469
_Lcd_Port                 text19       02E3
_Lcd_Set_Cursor           text15       052E
_Lcd_Write_Char           text14       0305
_Lcd_Write_String         text13       02A1
_PIR1bits                 (abs)        000C
_RB0                      (abs)        0030
_RB1                      (abs)        0031
_RB2                      (abs)        0032
_RB3                      (abs)        0033
_RB4                      (abs)        0034
_RB5                      (abs)        0035
_RCREG                    (abs)        001A
_RCSTAbits                (abs)        0018
_SPBRG                    (abs)        0099
_TRISB                    (abs)        0086
_TRISCbits                (abs)        0087
_TXSTAbits                (abs)        0098
_UART_Init_Rx             text12       0268
_UART_Read                text11       0220
__H__absolute__           __absolute__ 0000
__Habs1                   abs1         0000
__Hbank0                  bank0        0000
__Hbank1                  bank1        0000
__Hbank2                  bank2        0000
__Hbank3                  bank3        0000
__HbssBANK0               bssBANK0     0000
__HbssBANK1               bssBANK1     0000
__Hcinit                  cinit        0800
__Hclrtext                clrtext      0000
__Hcode                   code         0000
__Hcommon                 common       0000
__Hconfig                 config       2008
__HcstackBANK0            cstackBANK0  0000
__HcstackBANK3            cstackBANK3  0000
__HcstackCOMMON           cstackCOMMON 0000
__Heeprom_data            eeprom_data  0000
__Hend_init               end_init     0003
__Hfunctab                functab      0000
__Hheap                   heap         0000
__Hinit                   init         0000
__Hintentry               intentry     0000
__Hmaintext               maintext     0000
__Hpowerup                powerup      0000
__Hram                    ram          0000
__Hreset_vec              reset_vec    0000
__Hsfr0                   sfr0         0000
__Hsfr1                   sfr1         0000
__Hsfr2                   sfr2         0000
__Hsfr3                   sfr3         0000
__Hsivt                   sivt         0000
__Hspace_0                (abs)        0800
__Hspace_1                (abs)        01EC
__Hspace_2                (abs)        0000
__Hspace_3                (abs)        0000
__Hspace_4                (abs)        400F
__Hstack                  stack        0000
__Hstrings                strings      0000
__Htext                   text         0000
__L__absolute__           __absolute__ 0000
__Labs1                   abs1         0000
__Lbank0                  bank0        0000
__Lbank1                  bank1        0000
__Lbank2                  bank2        0000
__Lbank3                  bank3        0000
__LbssBANK0               bssBANK0     0000
__LbssBANK1               bssBANK1     0000
__Lcinit                  cinit        07EB
__Lclrtext                clrtext      0000
__Lcode                   code         0000
__Lcommon                 common       0000
__Lconfig                 config       0000
__LcstackBANK0            cstackBANK0  0000
__LcstackBANK3            cstackBANK3  0000
__LcstackCOMMON           cstackCOMMON 0000
__Leeprom_data            eeprom_data  0000
__Lend_init               end_init     0000
__Lfunctab                functab      0000
__Lheap                   heap         0000
__Linit                   init         0000
__Lintentry               intentry     0000
__Lmaintext               maintext     0000
__Lpowerup                powerup      0000
__Lram                    ram          0000
__Lreset_vec              reset_vec    0000
__Lsfr0                   sfr0         0000
__Lsfr1                   sfr1         0000
__Lsfr2                   sfr2         0000
__Lsfr3                   sfr3         0000
__Lsivt                   sivt         0000
__Lspace_0                (abs)        0000
__Lspace_1                (abs)        0000
__Lspace_2                (abs)        0000
__Lspace_3                (abs)        0000
__Lspace_4                (abs)        0000
__Lstack                  stack        0000
__Lstrings                strings      0000
__Ltext                   text         0000
__S0                      (abs)        0800
__S1                      (abs)        01EC
__S3                      (abs)        0000
___awdiv                  text10       04C7
___awdiv@counter          cstackCOMMON 0074
___awdiv@dividend         cstackCOMMON 0072
___awdiv@divisor          cstackCOMMON 0070
___awdiv@quotient         cstackCOMMON 0076
___awdiv@sign             cstackCOMMON 0075
___awmod                  text9        0410
___awmod@counter          cstackCOMMON 0074
___awmod@dividend         cstackCOMMON 0072
___awmod@divisor          cstackCOMMON 0070
___awmod@sign             cstackCOMMON 0075
___heap_hi                (abs)        0000
___heap_lo                (abs)        0000
___int_sp                 stack        0000
___int_stack_hi           stack        0000
___int_stack_lo           stack        0000
___latbits                (abs)        0002
___lwdiv                  text8        0374
___lwdiv@counter          cstackCOMMON 0076
___lwdiv@dividend         cstackCOMMON 0072
___lwdiv@divisor          cstackCOMMON 0070
___lwdiv@quotient         cstackCOMMON 0074
___lwmod                  text7        033A
___lwmod@counter          cstackCOMMON 0074
___lwmod@dividend         cstackCOMMON 0072
___lwmod@divisor          cstackCOMMON 0070
___sp                     stack        0000
___stack_hi               stack        0000
___stack_lo               stack        0000
___stackhi                (abs)        0000
___stacklo                (abs)        0000
__end_of_LCD              text20       0220
__end_of_Lcd_Clear        text17       023D
__end_of_Lcd_Cmd          text18       0268
__end_of_Lcd_Init         text16       04C7
__end_of_Lcd_Port         text19       0305
__end_of_Lcd_Set_Cursor   text15       05BB
__end_of_Lcd_Write_Char   text14       033A
__end_of_Lcd_Write_String text13       02C2
__end_of_UART_Init_Rx     text12       0282
__end_of_UART_Read        text11       0228
__end_of___awdiv          text10       052E
__end_of___awmod          text9        0469
__end_of___lwdiv          text8        03B8
__end_of___lwmod          text7        0374
__end_of__initialization  cinit        07FC
__end_of__stringtab       strings      0009
__end_of_abs              text6        024E
__end_of_fputc            text4        0410
__end_of_main             maintext     067E
__end_of_putch            text5        021C
__end_of_sprintf          text1        02A1
__end_of_vfpfcnvrt        text3        07EB
__end_of_vfprintf         text2        02E3
__initialization          cinit        07EB
__pbssBANK0               bssBANK0     0020
__pbssBANK1               bssBANK1     00A0
__pcstackBANK0            cstackBANK0  0047
__pcstackBANK3            cstackBANK3  0190
__pcstackCOMMON           cstackCOMMON 0070
__pmaintext               maintext     05BB
__pstrings                strings      0003
__ptext1                  text1        0282
__ptext10                 text10       04C7
__ptext11                 text11       0220
__ptext12                 text12       0268
__ptext13                 text13       02A1
__ptext14                 text14       0305
__ptext15                 text15       052E
__ptext16                 text16       0469
__ptext17                 text17       0230
__ptext18                 text18       024E
__ptext19                 text19       02E3
__ptext2                  text2        02C2
__ptext20                 text20       021C
__ptext3                  text3        067E
__ptext4                  text4        03B8
__ptext5                  text5        021B
__ptext6                  text6        023D
__ptext7                  text7        033A
__ptext8                  text8        0374
__ptext9                  text9        0410
__stringbase              strings      0008
__stringtab               strings      0003
_abs                      text6        023D
_dbuf                     bssBANK0     0020
_flags                    bssBANK0     0046
_fputc                    text4        03B8
_main                     maintext     05BB
_prec                     bssBANK0     0042
_putch                    text5        021B
_sprintf                  text1        0282
_vfpfcnvrt                text3        067E
_vfprintf                 text2        02C2
_width                    bssBANK0     0040
abs@a                     cstackCOMMON 0076
btemp                     (abs)        007E
clear_ram0                clrtext      0228
end_of_initialization     cinit        07FC
fputc@c                   cstackCOMMON 0070
fputc@fp                  cstackCOMMON 0072
intlevel0                 functab      0000
intlevel1                 functab      0000
intlevel2                 functab      0000
intlevel3                 functab      0000
intlevel4                 functab      0000
intlevel5                 functab      0000
main@adcDisplay           cstackBANK3  0190
main@adcValues            cstackBANK3  01E0
main@high_byte            cstackBANK3  01E8
main@i                    cstackBANK3  01EA
main@low_byte             cstackBANK3  01E9
reset_vec                 reset_vec    0000
sprintf@ap                cstackBANK0  0059
sprintf@f                 cstackBANK0  005B
sprintf@fmt               cstackBANK0  0053
sprintf@s                 cstackBANK0  005A
start                     init         0000
start_initialization      cinit        07EB
vfpfcnvrt@ap              cstackCOMMON 007B
vfpfcnvrt@c               cstackBANK0  004E
vfpfcnvrt@convarg         cstackBANK0  004A
vfpfcnvrt@cp              cstackBANK0  0049
vfpfcnvrt@done            cstackBANK0  0047
vfpfcnvrt@fmt             cstackCOMMON 007A
vfpfcnvrt@fp              cstackBANK0  0048
vfprintf@ap               cstackBANK0  0050
vfprintf@cfmt             cstackBANK0  0052
vfprintf@fmt              cstackBANK0  004F
vfprintf@fp               cstackBANK0  0051
wtemp0                    (abs)        007E


MODULE INFORMATION

Module		Function		Class		Link	Load	Size
C:\Program Files\Microchip\xc8\v2.46\pic\sources\c99\common\nf_fputc.c
		_fputc         		CODE           	03B8	0000	88

C:\Program Files\Microchip\xc8\v2.46\pic\sources\c99\common\nf_fputc.c estimated size: 88

C:\Program Files\Microchip\xc8\v2.46\pic\sources\c99\common\lwdiv.c
		___lwdiv       		CODE           	0374	0000	68

C:\Program Files\Microchip\xc8\v2.46\pic\sources\c99\common\lwdiv.c estimated size: 68

C:\Program Files\Microchip\xc8\v2.46\pic\sources\c99\common\awdiv.c
		___awdiv       		CODE           	04C7	0000	103

C:\Program Files\Microchip\xc8\v2.46\pic\sources\c99\common\awdiv.c estimated size: 103

C:\Program Files\Microchip\xc8\v2.46\pic\sources\c99\common\doprnt.c
		_vfpfcnvrt     		CODE           	067E	0000	365
		_vfprintf      		CODE           	02C2	0000	33

C:\Program Files\Microchip\xc8\v2.46\pic\sources\c99\common\doprnt.c estimated size: 398

C:\Program Files\Microchip\xc8\v2.46\pic\sources\c99\common\nf_sprintf.c
		_sprintf       		CODE           	0282	0000	31

C:\Program Files\Microchip\xc8\v2.46\pic\sources\c99\common\nf_sprintf.c estimated size: 31

shared
		__stringtab    		STRING         	0003	0000	6
		__initialization		CODE           	07EB	0000	17

shared estimated size: 23

C:\Program Files\Microchip\xc8\v2.46\pic\sources\c99\common\putch.c
		_putch         		CODE           	021B	0000	1

C:\Program Files\Microchip\xc8\v2.46\pic\sources\c99\common\putch.c estimated size: 1

C:\Program Files\Microchip\xc8\v2.46\pic\sources\c99\common\lwmod.c
		___lwmod       		CODE           	033A	0000	58

C:\Program Files\Microchip\xc8\v2.46\pic\sources\c99\common\lwmod.c estimated size: 58

C:\Program Files\Microchip\xc8\v2.46\pic\sources\c99\common\abs.c
		_abs           		CODE           	023D	0000	17

C:\Program Files\Microchip\xc8\v2.46\pic\sources\c99\common\abs.c estimated size: 17

C:\Program Files\Microchip\xc8\v2.46\pic\sources\c99\common\awmod.c
		___awmod       		CODE           	0410	0000	89

C:\Program Files\Microchip\xc8\v2.46\pic\sources\c99\common\awmod.c estimated size: 89

picUARTrx.c
		_Lcd_Write_String		CODE           	02A1	0000	33
		_Lcd_Init      		CODE           	0469	0000	94
		_UART_Read     		CODE           	0220	0000	8
		_Lcd_Write_Char		CODE           	0305	0000	53
		_LCD           		CODE           	021C	0000	4
		_main          		CODE           	05BB	0000	195
		_Lcd_Cmd       		CODE           	024E	0000	26
		_UART_Init_Rx  		CODE           	0268	0000	26
		_Lcd_Set_Cursor		CODE           	052E	0000	141
		_Lcd_Clear     		CODE           	0230	0000	13
		_Lcd_Port      		CODE           	02E3	0000	34

picUARTrx.c estimated size: 627

